mode: set
github.com/viniciuswebdev/golang-unit-tests/calculator/calculator.go:14.122,15.32 1 1
github.com/viniciuswebdev/golang-unit-tests/calculator/calculator.go:19.2,22.8 1 1
github.com/viniciuswebdev/golang-unit-tests/calculator/calculator.go:15.32,17.3 1 1
github.com/viniciuswebdev/golang-unit-tests/calculator/calculator.go:25.64,26.46 1 1
github.com/viniciuswebdev/golang-unit-tests/calculator/calculator.go:35.2,35.23 1 1
github.com/viniciuswebdev/golang-unit-tests/calculator/calculator.go:26.46,33.3 3 1
